// Jest Snapshot v1, https://goo.gl/fbAQLP

exports[`Loading component should match snapshot with all data passed in correctly 1`] = `
<div
  className="spinner"
>
  <div
    className="double-bounce1"
  />
  <div
    className="double-bounce2"
  />
</div>
`;
